// Jest Snapshot v1, https://goo.gl/fbAQLP

exports[`Pruebas de GifGrid debe de mostrar items cuando se cargan im√°genes useFetchGifs 1`] = `
<Fragment>
  <h3
    className="animate__animated animate__fadeIn"
  >
    Vegeta
  </h3>
  <div
    className="card-grid"
  >
    <GifGridItem
      id="ABC"
      key="ABC"
      title="Cualquier cosa"
      url="https://localhost/cosa.jpg"
    />
  </div>
</Fragment>
`;

exports[`Pruebas de GifGrid debe de mostrarse correctamente  1`] = `
<Fragment>
  <h3
    className="animate__animated animate__fadeIn"
  >
    Vegeta
  </h3>
  <p
    className="animate__animated animate__flash"
  >
    Cargando...
  </p>
  <div
    className="card-grid"
  />
</Fragment>
`;
